--- Identifier classification ---
'x bound=1 op=1 slot=0 | 
'x bound=1 op=1 slot=0 | 'y bound=1 op=1 slot=1 | 
'x bound=0 op=1 | 
'x bound=1 op=1 slot=0 | 'x bound=0 op=1 | 
'+ bound=0 op=0 | 
'x bound=1 op=1 slot=0 | '+ bound=0 op=1 | 'y bound=1 op=1 slot=1 | 
--- Function-level ---
free=$ 0 'x :
free=$
free=$ 0 'x : 1 'y :
free=$ 0 'x :
free=$
--- Nested closures ---
nested: free=$ 0 'x :
nested: free=$ 0 'x :
nested: free=$ 0 'x :
nested: free=$ 0 'x :
nested: free=$
--- Generators ---
gen bound= 
gen bound=y 
gen bound=x 
done
