free=$ 0 'x : bound=$ 0 'x : boundness=[ 1 . 0 ]
free=$ bound=$ 0 'x : boundness=[ . [ $ $ [ 0 ] ] 0 ]
free=$ bound=$ 0 'x : boundness=[ . [ $ 0 'x : $ [ 1 ] ] 0 ]
free=$ 0 'x : 0 'y : bound=$ 0 'x : boundness=[ 1 . [ $ $ 0 'y : [ . 0 0 ] ] 0 1 ]
free=$ 0 'x : 0 'y : bound=$ 0 'x : boundness=[ 1 . [ $ 0 'x : $ 0 'y : [ . 1 0 ] ] 0 1 ]
free=$ bound=$ boundness=[ ]
free=$ bound=$ 0 'x : boundness=[ . ]
free=$ bound=$ 0 'x : boundness=[ . [ $ 0 'x : $ 0 'y : [ . [ $ 0 'x : 0 'y : $ [ 1 1 ] ] ] ] ]
free=$ bound=$ 0 'x : boundness=[ . 0 0 0 ]
free=$ bound=$ 0 'x : boundness=[ . [ $ $ 0 'x : [ . 0 ] ] 0 ]
free=$ 0 'x : bound=$ 0 'x : boundness=[ 1 . [ $ 0 'x : $ [ 1 ] ] 0 ]
free=$ bound=$ 0 'x : boundness=[ . 0 [ $ 0 'x : $ [ 1 ] ] 0 ]
free=$ 0 'x : bound=$ boundness=[ 1 [ $ $ 0 'x : [ . 0 ] ] 1 ]
