free=$ 0 'x : bound=$ . 'x : children=[ $ 1 'is-bound : $ $ 0 'is-bound : ]
free=$ bound=$ . 'x : children=[ $ $ [ $ 0 'is-bound : ] 'children : $ 'free-vars : $ 'bound-set : $ 0 'is-bound : ]
free=$ bound=$ . 'x : children=[ $ $ [ $ 1 'is-bound : ] 'children : $ 0 'x : 'free-vars : $ 'bound-set : $ 0 'is-bound : ]
free=$ 0 'x : 1 'y : bound=$ . 'x : children=[ $ 1 'is-bound : $ $ [ $ $ 0 'is-bound : $ 0 'is-bound : ] 'children : $ 'free-vars : $ . 'y : 'bound-set : $ 0 'is-bound : $ 1 'is-bound : ]
free=$ 0 'x : 1 'y : bound=$ . 'x : children=[ $ 1 'is-bound : $ $ [ $ $ 1 'is-bound : $ 0 'is-bound : ] 'children : $ 0 'x : 'free-vars : $ . 'y : 'bound-set : $ 0 'is-bound : $ 1 'is-bound : ]
free=$ bound=$ children=[ ]
free=$ bound=$ . 'x : children=[ $ ]
free=$ bound=$ . 'x : children=[ $ $ [ $ $ [ $ 1 'is-bound : $ 1 'is-bound : ] 'children : $ 0 'x : 1 'y : 'free-vars : $ 'bound-set : ] 'children : $ 0 'x : 'free-vars : $ . 'y : 'bound-set : ]
free=$ bound=$ . 'x : children=[ $ $ 0 'is-bound : $ 0 'is-bound : $ 0 'is-bound : ]
free=$ bound=$ . 'x : children=[ $ $ [ $ $ 0 'is-bound : ] 'children : $ 'free-vars : $ . 'x : 'bound-set : $ 0 'is-bound : ]
free=$ 0 'x : bound=$ . 'x : children=[ $ 1 'is-bound : $ $ [ $ 1 'is-bound : ] 'children : $ 0 'x : 'free-vars : $ 'bound-set : $ 0 'is-bound : ]
free=$ bound=$ . 'x : children=[ $ $ 0 'is-bound : $ [ $ 1 'is-bound : ] 'children : $ 0 'x : 'free-vars : $ 'bound-set : $ 0 'is-bound : ]
free=$ 0 'x : bound=$ children=[ $ 1 'is-bound : $ [ $ $ 0 'is-bound : ] 'children : $ 'free-vars : $ . 'x : 'bound-set : $ 1 'is-bound : ]
free=$ 0 'x : bound=$ children=[ $ 1 'is-bound : $ $ ]
free=$ 0 'x : 1 'y : bound=$ . '+ : children=[ $ $ 1 'is-bound : $ 0 'is-bound : $ 1 'is-bound : ]
