func-addr=24000 next-addr=24007
bytecode: 1 1 1 2 1 3 3 
func-addr2=24007 next-addr2=24012
bytecode2: 1 42 4 588 3 
func-addr3=24012 next-addr3=24019
bytecode3: 1 1 1 2 2 2 3 
quoted terms: 'x '/y '! '42 '"hi"
func-addr5=24037 next-addr5=24044
bytecode5: 5 0 5 1 2 2 3 
context test: 30
bytecode6: 9 1 8 0 7 0 10 1 3 
bound test: 42
bytecode7: 6 1 99 3 
dead binder test: 99
bytecode8: 9 2 8 0 8 1 7 0 7 1 10 2 2 2 3 
multi-binder test: 13
bytecode9 (nested func area): 1 42 3 
bytecode9 (outer func area): 11 12 1 24072 2 48 3 
nested no-capture test: 42
bytecode10 (nested area): 5 0 3 
bytecode10 (outer area): 9 1 8 0 11 7 0 12 1 24082 2 48 10 1 3 
nested capture-bound test: 99
bytecode11 (nested area): 5 0 3 
nested capture-free test: 77
nested multi-capture test: 15
generator test: [ 1 2 3 ]
generator bound var test: [ 10 11 12 ]
generator free var test: [ 7 8 ]
generator with nested func test: 42
quoted complex terms test: ''{ 1 } ''[ 2 ] '''x
tail call bytecode: 5 0 18 
push-context ok
slot 0 ok
tail-call ok
length ok
non-tail call bytecode: 5 0 9 1 14 8 0 13 7 0 15 10 1 1 1 3 
push-context ok
call ok
inner-addr=24215 outer-addr=24218
inner direct call: 42
inner-bv call: 42
tail call execution test: 42
non-tail call execution: 11
multiple non-tail calls: 15
non-tail with bound var: 107
done
