func-addr=0 next-addr=7
bytecode: 0 1 0 2 0 3 2 
func-addr2=7 next-addr2=12
bytecode2: 0 42 3 528 2 
func-addr3=12 next-addr3=19
bytecode3: 0 1 0 2 1 2 2 
quoted terms: 'x '/y '! '42 '"hi"
func-addr5=37 next-addr5=44
bytecode5: 4 0 4 1 1 2 2 
context test: 30
bytecode6: 8 1 7 0 6 0 9 1 2 
bound test: 42
bytecode7: 5 0 99 2 
dead binder test: 99
bytecode8: 8 2 7 0 7 1 6 0 6 1 9 2 1 2 2 
multi-binder test: 13
bytecode9 (nested func area): 0 42 2 
bytecode9 (outer func area): 10 11 0 72 1 48 2 
nested no-capture test: 42
bytecode10 (nested area): 4 0 2 
bytecode10 (outer area): 8 1 7 0 10 6 0 11 0 82 1 48 2 
nested capture-bound test: 99
bytecode11 (nested area): 4 0 2 
nested capture-free test: 77
nested multi-capture test: 15
generator test: [ 1 2 3 ]
generator bound var test: [ 10 11 12 ]
generator free var test: [ 7 8 ]
generator with nested func test: 42
quoted complex terms test: ''{ 1 } ''[ 2 ] '''x
tail call bytecode: 4 0 17 
push-context ok
slot 0 ok
tail-call ok
length ok
non-tail call bytecode: 4 0 8 1 13 7 0 12 6 0 14 9 1 0 1 2 
push-context ok
call ok
inner-addr=221 outer-addr=224
inner direct call: 42
inner-bv call: 42
tail call execution test: 42
non-tail call execution: 11
multiple non-tail calls: 15
non-tail with bound var: 107
done
