compile-closure: 'f
compile-func: '{ 1 2 + } at 0
simple: 3
compile-closure: 'f2
compile-func: '{ g ! 1 + } at 7
compile-closure: 'g
compile-func: '{ 10 } at 25
captured: 11
compile-closure: 'f3
compile-func: '{ g2 ! 100 + } at 28
compile-closure: 'g2
compile-func: '{ h ! 10 + } at 46
compile-closure: 'h
compile-func: '{ 1 } at 64
deep: 111
compile-closure: 'same
compile-func: '{ 42 } at 67
cache addr unchanged: yes
cache result: 42
compile-closure: 'f5
compile-func: '{ x 1 + } at 70
non-closure capture: 43
compile-closure: 'f6
compile-func: '{ a ! b ! + } at 77
compile-closure: 'a
compile-closure: 'b
compile-func: '{ 2 } at 102
multi-capture: 3
compile-closure: 'f7
compile-func: '{ { 5 } ! } at 105
compile-func: '{ 5 } at 105
nested func: 5
compile-closure: 'f8
compile-func: '{ [ 1 2 3 ] } at 115
generator: [ 1 2 3 ]
compile-closure: 'h
compile-func: '{ 100 } at 124
compile: 100
done
