body=[ $ 1 'is-bound : 1 'is-live : 1 'leave-frame : 0 'slot : ]
body=[ $ 1 'is-bound : 0 'is-live : 1 'leave-frame : 0 'slot : $ 1 'is-bound : 1 'is-live : 1 'leave-frame : 0 'slot : ]
body=[ $ 0 'is-used : . 'slot : $ 0 'is-bound : 1 'is-live : 0 'leave-frame : . 'slot : ]
body=[ $ 1 'is-bound : 1 'is-live : 1 'leave-frame : 0 'slot : $ 0 'is-used : . 'slot : $ 0 'is-bound : 1 'is-live : 0 'leave-frame : . 'slot : ]
body=[ $ 0 'is-used : . 'slot : $ 0 'is-bound : 0 'is-live : 1 'leave-frame : . 'slot : $ 0 'is-bound : 1 'is-live : 0 'leave-frame : . 'slot : ]
body=[ $ 1 'is-used : . 'slot : ]
body=[ $ 0 'is-used : . 'slot : $ 1 'is-used : . 'slot : $ 0 'is-bound : 1 'is-live : 0 'leave-frame : . 'slot : ]
body=[ $ 1 'is-bound : 0 'is-live : 1 'leave-frame : 0 'slot : $ [ $ 1 'is-bound : 1 'is-live : 1 'leave-frame : 0 'slot : ] 'body : $ 'bound-set : $ 'dead-set : $ 0 'x : 'free-vars : 0 'max-slots : 1 'needs-frame : $ 1 'is-bound : 1 'is-live : 1 'leave-frame : 0 'slot : ]
body=[ $ 1 'is-bound : 0 'is-live : 1 'leave-frame : 0 'slot : $ [ $ 1 'is-bound : 1 'is-live : 1 'leave-frame : 0 'slot : ] 'body : $ 'bound-set : $ . 'x : 'dead-set : $ 0 'x : 'free-vars : 0 'max-slots : 1 'needs-frame : ]
body=[ $ 1 'is-bound : 1 'is-live : 1 'leave-frame : 0 'slot : $ [ $ 0 'is-used : . 'slot : $ 0 'is-bound : 1 'is-live : 0 'leave-frame : . 'slot : ] 'body : $ . 'x : 'bound-set : $ 'dead-set : $ 'free-vars : 0 'max-slots : 0 'needs-frame : ]
body=[ $ [ $ 1 'is-bound : 1 'is-live : 1 'leave-frame : 0 'slot : ] 'body : $ 'bound-set : $ . 'x : 'dead-set : $ 0 'x : 'free-vars : 0 'max-slots : 1 'needs-frame : ]
body=[ $ 1 'is-bound : 0 'is-live : 1 'leave-frame : 0 'slot : $ [ $ 1 'is-bound : 0 'is-live : 1 'leave-frame : 0 'slot : ] 'body : $ 'bound-set : $ 0 'x : 'free-vars : $ 1 'is-bound : 1 'is-live : 1 'leave-frame : 0 'slot : ]
body=[ $ 1 'is-bound : 0 'is-live : 1 'leave-frame : 0 'slot : $ [ $ 1 'is-bound : 1 'is-live : 1 'leave-frame : 0 'slot : ] 'body : $ 'bound-set : $ 0 'x : 'free-vars : ]
body=[ $ 1 'is-bound : 0 'is-live : 1 'leave-frame : 0 'slot : $ [ $ 0 'is-used : . 'slot : $ 0 'is-bound : 1 'is-live : 0 'leave-frame : . 'slot : ] 'body : $ . 'x : 'bound-set : $ 'free-vars : $ 1 'is-bound : 1 'is-live : 1 'leave-frame : 0 'slot : ]
body=[ $ [ ] 'body : $ 'bound-set : $ 'dead-set : $ 'free-vars : 0 'max-slots : 1 'needs-frame : ]
body=[ $ [ ] 'body : $ 'bound-set : $ 'free-vars : ]
body=[ $ 1 'is-bound : 1 'is-live : 1 'leave-frame : 0 'slot : $ 1 'is-bound : 1 'is-live : 1 'leave-frame : 1 'slot : ]
body=[ $ 1 'is-bound : 0 'is-live : 1 'leave-frame : 0 'slot : $ 1 'is-bound : 1 'is-live : 1 'leave-frame : 1 'slot : $ 1 'is-bound : 1 'is-live : 1 'leave-frame : 0 'slot : ]
body=[ $ 1 'is-bound : 0 'is-live : 1 'leave-frame : 0 'slot : $ 1 'is-bound : 0 'is-live : 1 'leave-frame : 1 'slot : $ 1 'is-bound : 1 'is-live : 1 'leave-frame : 0 'slot : $ 1 'is-bound : 1 'is-live : 1 'leave-frame : 1 'slot : ]
body=[ $ $ $ ]
