body=[ $ 1 'is-bound : 1 'is-live : 0 'slot : 1 'leave-frame : ]
body=[ $ 1 'is-bound : 0 'is-live : 0 'slot : 1 'leave-frame : $ 1 'is-bound : 1 'is-live : 0 'slot : 1 'leave-frame : ]
body=[ $ . 'slot : 0 'is-used : $ 0 'is-bound : 1 'is-live : . 'slot : 0 'leave-frame : ]
body=[ $ 1 'is-bound : 1 'is-live : 0 'slot : 1 'leave-frame : $ . 'slot : 0 'is-used : $ 0 'is-bound : 1 'is-live : . 'slot : 0 'leave-frame : ]
body=[ $ . 'slot : 0 'is-used : $ 0 'is-bound : 0 'is-live : . 'slot : 1 'leave-frame : $ 0 'is-bound : 1 'is-live : . 'slot : 0 'leave-frame : ]
body=[ $ . 'slot : 1 'is-used : ]
body=[ $ . 'slot : 0 'is-used : $ . 'slot : 1 'is-used : $ 0 'is-bound : 1 'is-live : . 'slot : 0 'leave-frame : ]
body=[ $ 1 'is-bound : 0 'is-live : 0 'slot : 1 'leave-frame : $ [ $ 1 'is-bound : 1 'is-live : 0 'slot : 1 'leave-frame : ] 'body : $ 0 'x : 'free-vars : [ 'x ] 'free-vars-array : $ 'bound-set : $ 'dead-set : 0 'max-slots : 1 'needs-frame : $ 1 'is-bound : 1 'is-live : 0 'slot : 1 'leave-frame : ]
body=[ $ 1 'is-bound : 0 'is-live : 0 'slot : 1 'leave-frame : $ [ $ 1 'is-bound : 1 'is-live : 0 'slot : 1 'leave-frame : ] 'body : $ 0 'x : 'free-vars : [ 'x ] 'free-vars-array : $ 'bound-set : $ . 'x : 'dead-set : 0 'max-slots : 1 'needs-frame : ]
body=[ $ 1 'is-bound : 1 'is-live : 0 'slot : 1 'leave-frame : $ [ $ . 'slot : 0 'is-used : $ 0 'is-bound : 1 'is-live : . 'slot : 0 'leave-frame : ] 'body : $ 'free-vars : [ ] 'free-vars-array : $ . 'x : 'bound-set : $ 'dead-set : 0 'max-slots : 0 'needs-frame : ]
body=[ $ [ $ 1 'is-bound : 1 'is-live : 0 'slot : 1 'leave-frame : ] 'body : $ 0 'x : 'free-vars : [ 'x ] 'free-vars-array : $ 'bound-set : $ . 'x : 'dead-set : 0 'max-slots : 1 'needs-frame : ]
body=[ $ 1 'is-bound : 0 'is-live : 0 'slot : 1 'leave-frame : $ [ $ 1 'is-bound : 0 'is-live : 0 'slot : 1 'leave-frame : ] 'body : $ 0 'x : 'free-vars : [ 'x ] 'free-vars-array : $ 'bound-set : $ 1 'is-bound : 1 'is-live : 0 'slot : 1 'leave-frame : ]
body=[ $ 1 'is-bound : 0 'is-live : 0 'slot : 1 'leave-frame : $ [ $ 1 'is-bound : 1 'is-live : 0 'slot : 1 'leave-frame : ] 'body : $ 0 'x : 'free-vars : [ 'x ] 'free-vars-array : $ 'bound-set : ]
body=[ $ 1 'is-bound : 0 'is-live : 0 'slot : 1 'leave-frame : $ [ $ . 'slot : 0 'is-used : $ 0 'is-bound : 1 'is-live : . 'slot : 0 'leave-frame : ] 'body : $ 'free-vars : [ ] 'free-vars-array : $ . 'x : 'bound-set : $ 1 'is-bound : 1 'is-live : 0 'slot : 1 'leave-frame : ]
body=[ $ [ ] 'body : $ 'free-vars : [ ] 'free-vars-array : $ 'bound-set : $ 'dead-set : 0 'max-slots : 1 'needs-frame : ]
body=[ $ [ ] 'body : $ 'free-vars : [ ] 'free-vars-array : $ 'bound-set : ]
body=[ $ 1 'is-bound : 1 'is-live : 0 'slot : 1 'leave-frame : $ 1 'is-bound : 1 'is-live : 1 'slot : 1 'leave-frame : ]
body=[ $ 1 'is-bound : 0 'is-live : 0 'slot : 1 'leave-frame : $ 1 'is-bound : 1 'is-live : 1 'slot : 1 'leave-frame : $ 1 'is-bound : 1 'is-live : 0 'slot : 1 'leave-frame : ]
body=[ $ 1 'is-bound : 0 'is-live : 0 'slot : 1 'leave-frame : $ 1 'is-bound : 0 'is-live : 1 'slot : 1 'leave-frame : $ 1 'is-bound : 1 'is-live : 0 'slot : 1 'leave-frame : $ 1 'is-bound : 1 'is-live : 1 'slot : 1 'leave-frame : ]
body=[ $ $ $ ]
