body=[ $ 1 'is-bound : 1 'is-live : 1 'leave-frame : 0 'slot : 'x 'term : ]
body=[ $ 1 'is-bound : 0 'is-live : 1 'leave-frame : 0 'slot : 'x 'term : $ 1 'is-bound : 1 'is-live : 1 'leave-frame : 0 'slot : 'x 'term : ]
body=[ $ 0 'is-used : . 'slot : '/x 'term : $ 0 'is-bound : 1 'is-live : 0 'leave-frame : . 'slot : 'x 'term : ]
body=[ $ 1 'is-bound : 1 'is-live : 1 'leave-frame : 0 'slot : 'x 'term : $ 0 'is-used : . 'slot : '/x 'term : $ 0 'is-bound : 1 'is-live : 0 'leave-frame : . 'slot : 'x 'term : ]
body=[ $ 0 'is-used : . 'slot : '/x 'term : $ 0 'is-bound : 0 'is-live : 1 'leave-frame : . 'slot : 'x 'term : $ 0 'is-bound : 1 'is-live : 0 'leave-frame : . 'slot : 'x 'term : ]
body=[ $ 1 'is-used : . 'slot : '/x 'term : ]
body=[ $ 0 'is-used : . 'slot : '/x 'term : $ 1 'is-used : . 'slot : '/y 'term : $ 0 'is-bound : 1 'is-live : 0 'leave-frame : . 'slot : 'x 'term : ]
body=[ $ 1 'is-bound : 0 'is-live : 1 'leave-frame : 0 'slot : 'x 'term : $ [ $ 1 'is-bound : 1 'is-live : 1 'leave-frame : 0 'slot : 'x 'term : ] 'body : $ 'bound-set : $ 'dead-set : $ 0 'x : 'free-vars : [ 'x ] 'free-vars-array : 0 'max-slots : 1 'needs-frame : '{ x } 'term : $ 1 'is-bound : 1 'is-live : 1 'leave-frame : 0 'slot : 'x 'term : ]
body=[ $ 1 'is-bound : 0 'is-live : 1 'leave-frame : 0 'slot : 'x 'term : $ [ $ 1 'is-bound : 1 'is-live : 1 'leave-frame : 0 'slot : 'x 'term : ] 'body : $ 'bound-set : $ . 'x : 'dead-set : $ 0 'x : 'free-vars : [ 'x ] 'free-vars-array : 0 'max-slots : 1 'needs-frame : '{ x } 'term : ]
body=[ $ 1 'is-bound : 1 'is-live : 1 'leave-frame : 0 'slot : 'x 'term : $ [ $ 0 'is-used : . 'slot : '/x 'term : $ 0 'is-bound : 1 'is-live : 0 'leave-frame : . 'slot : 'x 'term : ] 'body : $ . 'x : 'bound-set : $ 'dead-set : $ 'free-vars : [ ] 'free-vars-array : 0 'max-slots : 0 'needs-frame : '{ /x x } 'term : ]
body=[ $ [ $ 1 'is-bound : 1 'is-live : 1 'leave-frame : 0 'slot : 'x 'term : ] 'body : $ 'bound-set : $ . 'x : 'dead-set : $ 0 'x : 'free-vars : [ 'x ] 'free-vars-array : 0 'max-slots : 1 'needs-frame : '{ x } 'term : ]
body=[ $ 1 'is-bound : 0 'is-live : 1 'leave-frame : 0 'slot : 'x 'term : $ [ $ 1 'is-bound : 0 'is-live : 1 'leave-frame : 0 'slot : 'x 'term : ] 'body : $ 'bound-set : '[ x ] 'term : $ 1 'is-bound : 1 'is-live : 1 'leave-frame : 0 'slot : 'x 'term : ]
body=[ $ 1 'is-bound : 0 'is-live : 1 'leave-frame : 0 'slot : 'x 'term : $ [ $ 1 'is-bound : 1 'is-live : 1 'leave-frame : 0 'slot : 'x 'term : ] 'body : $ 'bound-set : '[ x ] 'term : ]
body=[ $ 1 'is-bound : 0 'is-live : 1 'leave-frame : 0 'slot : 'x 'term : $ [ $ 0 'is-used : . 'slot : '/x 'term : $ 0 'is-bound : 1 'is-live : 0 'leave-frame : . 'slot : 'x 'term : ] 'body : $ . 'x : 'bound-set : '[ /x x ] 'term : $ 1 'is-bound : 1 'is-live : 1 'leave-frame : 0 'slot : 'x 'term : ]
body=[ $ [ ] 'body : $ 'bound-set : $ 'dead-set : $ 'free-vars : [ ] 'free-vars-array : 0 'max-slots : 1 'needs-frame : '{ } 'term : ]
body=[ $ [ ] 'body : $ 'bound-set : '[ ] 'term : ]
body=[ $ 1 'is-bound : 1 'is-live : 1 'leave-frame : 0 'slot : 'x 'term : $ 1 'is-bound : 1 'is-live : 1 'leave-frame : 1 'slot : 'y 'term : ]
body=[ $ 1 'is-bound : 0 'is-live : 1 'leave-frame : 0 'slot : 'x 'term : $ 1 'is-bound : 1 'is-live : 1 'leave-frame : 1 'slot : 'y 'term : $ 1 'is-bound : 1 'is-live : 1 'leave-frame : 0 'slot : 'x 'term : ]
body=[ $ 1 'is-bound : 0 'is-live : 1 'leave-frame : 0 'slot : 'x 'term : $ 1 'is-bound : 0 'is-live : 1 'leave-frame : 1 'slot : 'y 'term : $ 1 'is-bound : 1 'is-live : 1 'leave-frame : 0 'slot : 'x 'term : $ 1 'is-bound : 1 'is-live : 1 'leave-frame : 1 'slot : 'y 'term : ]
body=[ $ '1 'term : $ '2 'term : $ '+ 'term : ]
