Example 1: {/f x f!}
  max-slots: 1
  apply node (idx 3):
  ctx-save-slot: nil
  rp-save-slot: nil
Example 2: {/f x f! y}
  max-slots: 2
  apply node (idx 3):
  ctx-save-slot: 0
  rp-save-slot: 1
Example 3: {/f x f! g!}
  max-slots: 2
  first apply node (idx 3):
  ctx-save-slot: 0
  rp-save-slot: 1
  second apply node (idx 5):
  ctx-save-slot: nil
  rp-save-slot: nil
Example 4: {/f g! f!}
  max-slots: 2
  first apply node (idx 2):
  ctx-save-slot: nil
  rp-save-slot: 1
  second apply node (idx 4):
  ctx-save-slot: nil
  rp-save-slot: nil
Example 5: {/x x x * f! 1 +}
  max-slots: 1
  apply node (idx 5):
  ctx-save-slot: nil
  rp-save-slot: 0
