Example 1: {/f x f!}
compile-func: '{ /f x f ! } at 0
  max-slots: 1
  apply node (idx 3):
  ctx-save-slot: 
  rp-save-slot: 
Example 2: {/f x f! y}
compile-func: '{ /f x f ! y } at 0
  max-slots: 2
  apply node (idx 3):
  ctx-save-slot: 0
  rp-save-slot: 1
Example 3: {/f x f! g!}
compile-func: '{ /f x f ! g ! } at 0
  max-slots: 2
  first apply node (idx 3):
  ctx-save-slot: 0
  rp-save-slot: 1
  second apply node (idx 5):
  ctx-save-slot: 
  rp-save-slot: 
Example 4: {/f g! f!}
compile-func: '{ /f g ! f ! } at 0
  max-slots: 2
  first apply node (idx 2):
  ctx-save-slot: 
  rp-save-slot: 1
  second apply node (idx 4):
  ctx-save-slot: 
  rp-save-slot: 
Example 5: {/x x x * f! 1 +}
compile-func: '{ /x x x * f ! 1 + } at 0
  max-slots: 1
  apply node (idx 5):
  ctx-save-slot: 
  rp-save-slot: 0
