[ $ 0 'is-used : 0 'slot : $ 0 'is-bound : 1 'is-live : 0 'leave-frame : 0 'slot : ] 1
[ $ 1 'is-used : . 'slot : ] 0
[ $ 0 'is-used : 0 'slot : $ 0 'is-used : 1 'slot : $ 0 'is-bound : 1 'is-live : 1 'leave-frame : 0 'slot : $ 0 'is-bound : 1 'is-live : 0 'leave-frame : 1 'slot : ] 2
[ $ 0 'is-used : 0 'slot : $ 0 'is-used : 1 'slot : $ 0 'is-bound : 1 'is-live : 1 'leave-frame : 1 'slot : $ 0 'is-bound : 1 'is-live : 0 'leave-frame : 0 'slot : ] 2
[ $ 0 'is-used : 0 'slot : $ 0 'is-bound : 1 'is-live : 1 'leave-frame : 0 'slot : $ 0 'is-used : 0 'slot : $ 0 'is-bound : 1 'is-live : 0 'leave-frame : 0 'slot : ] 1
[ $ 0 'is-used : 0 'slot : $ 0 'is-bound : 1 'is-live : 1 'leave-frame : 0 'slot : $ 0 'is-used : 0 'slot : $ 0 'is-bound : 1 'is-live : 1 'leave-frame : 0 'slot : $ 0 'is-used : 0 'slot : $ 0 'is-bound : 1 'is-live : 0 'leave-frame : 0 'slot : ] 1
[ $ 0 'is-used : 0 'slot : $ 0 'is-used : 1 'slot : $ 0 'is-bound : 1 'is-live : 1 'leave-frame : 0 'slot : $ 0 'is-bound : 1 'is-live : 1 'leave-frame : 1 'slot : $ 0 'is-used : 1 'slot : $ 0 'is-bound : 1 'is-live : 0 'leave-frame : 1 'slot : ] 2
[ $ 0 'is-used : 0 'slot : $ [ $ 0 'is-used : 1 'slot : $ 0 'is-bound : 1 'is-live : 1 'leave-frame : 1 'slot : ] 'body : $ . 'y : 'bound-set : $ 'free-vars : $ 0 'is-bound : 1 'is-live : 0 'leave-frame : 0 'slot : ] 2
[ $ 0 'is-used : 0 'slot : $ [ $ 0 'is-used : 1 'slot : $ 0 'is-bound : 1 'is-live : 1 'leave-frame : 1 'slot : ] 'body : $ . 'y : 'bound-set : $ 'free-vars : $ 0 'is-used : 1 'slot : $ 0 'is-bound : 1 'is-live : 1 'leave-frame : 1 'slot : $ 0 'is-bound : 1 'is-live : 0 'leave-frame : 0 'slot : ] 2
[ $ 0 'is-used : 0 'slot : $ 0 'is-bound : 1 'is-live : 1 'leave-frame : 0 'slot : $ [ $ 0 'is-used : 0 'slot : $ 0 'is-bound : 1 'is-live : 0 'leave-frame : 0 'slot : ] 'body : $ . 'y : 'bound-set : $ 'free-vars : ] 1
[ $ 0 'is-used : 0 'slot : $ [ $ 0 'is-used : 0 'slot : $ 0 'is-bound : 1 'is-live : 0 'leave-frame : 0 'slot : ] 'body : $ . 'y : 'bound-set : $ 'dead-set : $ 'free-vars : 1 'max-slots : 0 'needs-frame : $ 0 'is-bound : 1 'is-live : 0 'leave-frame : 0 'slot : ] 1
[ $ 1 'is-used : . 'slot : $ [ $ 0 'is-used : 0 'slot : $ 0 'is-used : 1 'slot : $ 0 'is-bound : 1 'is-live : 1 'leave-frame : 0 'slot : $ 0 'is-bound : 1 'is-live : 0 'leave-frame : 1 'slot : ] 'body : $ . 'y : . 'z : 'bound-set : $ 'dead-set : $ 'free-vars : 2 'max-slots : 0 'needs-frame : ] 0
[ $ 0 'is-used : 0 'slot : $ 0 'is-used : 1 'slot : $ [ $ 0 'is-used : 2 'slot : $ 0 'is-bound : 1 'is-live : 1 'leave-frame : 2 'slot : $ 0 'is-bound : 1 'is-live : 1 'leave-frame : 0 'slot : ] 'body : $ . 'z : 'bound-set : $ 'free-vars : $ 0 'is-bound : 1 'is-live : 0 'leave-frame : 1 'slot : ] 3
[ $ $ $ ] 0
[ $ 0 'is-used : 0 'slot : $ $ 0 'is-bound : 1 'is-live : 0 'leave-frame : 0 'slot : $ ] 1
[ $ 1 'is-bound : 1 'is-live : 1 'leave-frame : 0 'slot : ] 0
[ $ 0 'is-used : 0 'slot : $ 1 'is-bound : 1 'is-live : 1 'leave-frame : 0 'slot : $ 0 'is-bound : 1 'is-live : 0 'leave-frame : 0 'slot : ] 1
