[ $ 0 'slot : 0 'is-used : $ 0 'is-bound : 1 'is-live : 0 'slot : 0 'leave-frame : ] 1
[ $ 1 'is-used : ] 0
[ $ 0 'slot : 0 'is-used : $ 1 'slot : 0 'is-used : $ 0 'is-bound : 1 'is-live : 0 'slot : $ 0 'is-bound : 1 'is-live : 1 'slot : 0 'leave-frame : ] 2
[ $ 0 'slot : 0 'is-used : $ 1 'slot : 0 'is-used : $ 0 'is-bound : 1 'is-live : 1 'slot : $ 0 'is-bound : 1 'is-live : 0 'slot : 0 'leave-frame : ] 2
[ $ 0 'slot : 0 'is-used : $ 0 'is-bound : 1 'is-live : 0 'slot : $ 0 'slot : 0 'is-used : $ 0 'is-bound : 1 'is-live : 0 'slot : 0 'leave-frame : ] 1
[ $ 0 'slot : 0 'is-used : $ 0 'is-bound : 1 'is-live : 0 'slot : $ 0 'slot : 0 'is-used : $ 0 'is-bound : 1 'is-live : 0 'slot : $ 0 'slot : 0 'is-used : $ 0 'is-bound : 1 'is-live : 0 'slot : 0 'leave-frame : ] 1
[ $ 0 'slot : 0 'is-used : $ 1 'slot : 0 'is-used : $ 0 'is-bound : 1 'is-live : 0 'slot : $ 0 'is-bound : 1 'is-live : 1 'slot : $ 1 'slot : 0 'is-used : $ 0 'is-bound : 1 'is-live : 1 'slot : 0 'leave-frame : ] 2
[ $ 0 'slot : 0 'is-used : $ $ 'free-vars : $ . 'y : 'bound-set : 2 'max-slots : [ $ 1 'slot : 0 'is-used : $ 0 'is-bound : 1 'is-live : 1 'slot : ] 'children : $ 0 'is-bound : 1 'is-live : 0 'slot : 0 'leave-frame : ] 2
[ $ 0 'slot : 0 'is-used : $ $ 'free-vars : $ . 'y : 'bound-set : 2 'max-slots : [ $ 1 'slot : 0 'is-used : $ 0 'is-bound : 1 'is-live : 1 'slot : ] 'children : $ 1 'slot : 0 'is-used : $ 0 'is-bound : 1 'is-live : 1 'slot : $ 0 'is-bound : 1 'is-live : 0 'slot : 0 'leave-frame : ] 2
[ $ 0 'slot : 0 'is-used : $ 0 'is-bound : 1 'is-live : 0 'slot : $ $ 'free-vars : $ . 'y : 'bound-set : 1 'max-slots : [ $ 0 'slot : 0 'is-used : $ 0 'is-bound : 1 'is-live : 0 'slot : 0 'leave-frame : ] 'children : ] 1
[ $ 0 'slot : 0 'is-used : $ $ 'free-vars : $ . 'y : 'bound-set : $ 'dead-set : 1 'max-slots : 0 'needs-frame : [ $ 0 'slot : 0 'is-used : $ 0 'is-bound : 1 'is-live : 0 'slot : 0 'leave-frame : ] 'children : $ 0 'is-bound : 1 'is-live : 0 'slot : 0 'leave-frame : ] 1
[ $ 1 'is-used : $ $ 'free-vars : $ . 'y : . 'z : 'bound-set : $ 'dead-set : 2 'max-slots : 0 'needs-frame : [ $ 0 'slot : 0 'is-used : $ 1 'slot : 0 'is-used : $ 0 'is-bound : 1 'is-live : 0 'slot : $ 0 'is-bound : 1 'is-live : 1 'slot : 0 'leave-frame : ] 'children : ] 0
[ $ 0 'slot : 0 'is-used : $ 1 'slot : 0 'is-used : $ $ 'free-vars : $ . 'z : 'bound-set : 3 'max-slots : [ $ 2 'slot : 0 'is-used : $ 0 'is-bound : 1 'is-live : 2 'slot : $ 0 'is-bound : 1 'is-live : 0 'slot : ] 'children : $ 0 'is-bound : 1 'is-live : 1 'slot : 0 'leave-frame : ] 3
[ $ $ $ ] 0
[ $ 0 'slot : 0 'is-used : $ $ 0 'is-bound : 1 'is-live : 0 'slot : 0 'leave-frame : $ ] 1
[ $ 1 'is-bound : 1 'is-live : ] 0
[ $ 0 'slot : 0 'is-used : $ 1 'is-bound : 1 'is-live : $ 0 'is-bound : 1 'is-live : 0 'slot : 0 'leave-frame : ] 1
