--- Basic slots ---
max=1 slots: '/x=0 'x=0 
max=0 slots: 
max=2 slots: '/x=0 '/y=1 'x=0 'y=1 
max=2 slots: '/x=0 '/y=1 'y=1 'x=0 
--- Slot reuse ---
max=1 slots: '/x=0 'x=0 '/y=0 'y=0 
max=1 slots: '/x=0 'x=0 '/y=0 'y=0 '/z=0 'z=0 
max=2 slots: '/x=0 '/y=1 'x=0 'y=1 '/z=1 'z=1 
--- Generators ---
max=2 slots: '/x=0 'x=0 
max=2 slots: '/x=0 '/z=1 'z=1 'x=0 
max=1 slots: '/x=0 'x=0 
--- Nested closures ---
max=1 slots: '/x=0 'x=0 
max=0 slots: 
--- Operators/literals ---
max=0 slots: 
max=1 slots: '/x=0 'x=0 
--- Free vars ---
max=0 slots: 
max=1 slots: '/y=0 'y=0 
--- Register saves ---
max=1 save-ctx=1 ctx-slot= save-rp=0 rp-slot=0 restore-ctx=1 restore-rp=0 | 
max=2 save-ctx=0 ctx-slot=0 save-rp=0 rp-slot=1 restore-ctx=0 restore-rp=1 | save-ctx=1 ctx-slot= save-rp=1 rp-slot=1 restore-ctx=1 restore-rp=0 | 
max=2 save-ctx=0 ctx-slot=0 save-rp=0 rp-slot=1 restore-ctx=0 restore-rp=1 | save-ctx=1 ctx-slot= save-rp=1 rp-slot=1 restore-ctx=1 restore-rp=0 | 
max=0 save-ctx=1 ctx-slot= save-rp=1 rp-slot= restore-ctx=1 restore-rp=1 | 
max=1 save-ctx=1 ctx-slot= save-rp=0 rp-slot=0 restore-ctx=1 restore-rp=0 | 
done
