42
-5
"hello"
"say \"hi\""
"line1\nline2"
[ 1 2 3 ]
[ ]
.
. 3 , 2 , 1 ,
'foo
'{ 1 2 + }
'{ 1 2 + } $ '{ write nl ! } $ '{ "\n" print } $ , 'nl : '{ print nl ! } $ '{ "\n" print } $ , 'nl : , 'println : , 'writeln : '{ "\n" print } $ , 'nl : '{ print nl ! } $ '{ "\n" print } $ , 'nl : , 'println : ,
